Eat-Me-App
==========
    Try -h or --help for more information.
