Eat-Me-App
==========

OPTIONS

  Eating Numbers
    -i, --int (signed 32 bit integer)
          Desc. Default: 0.

  Common options
    -h, --help
          Prints the help page.
    -hh, --advanced-help
          Prints the help page including advanced options.
    --version
          Prints the version information.
    --copyright
          Prints the copyright/license information.
    --export-help (std::string)
          Export the help page information. Value must be one of [html, man].
    --version-check (bool)
          Whether to check for the newest app version. Default: true.

VERSION
    Last update:
    Eat-Me-App version:
    Sharg version: 1.0.1-rc.1
